


ARM Macro Assembler    Page 1 


    1 00000000                 PRESERVE8
    2 00000000                 THUMB
    3 00000000         
    4 00000000                 EXPORT           callbackSon
    5 00000000                 INCLUDE          Driver/DriverJeuLaser.inc
    1 00000000         
    2 00000000         ; Bibliotheque DriverJeuLaser (ancienne gassp72 adaptée 
                       2021 - TR)
    3 00000000         ; Accès en aux fonctions suivantes :
    4 00000000         ; GPIO :
    5 00000000         ; GPIOA_Set(char Broche), GPIOB_Set(char Broche), GPIOC_
                       Set(char Broche)
    6 00000000         ; GPIOA_Clear(char Broche), GPIOB_Clear(char Broche), GP
                       IOC_Clear(char Broche)
    7 00000000         
    8 00000000         ; PWM :
    9 00000000         ;/**
   10 00000000         ; * @brief  Fixe une valeur de PWM, Val, en tick horloge
                       . La rapport cyclique effectif
   11 00000000         ; * est donc : rcy = Thaut_ticks / Periode_ticks
   12 00000000         ; * @note   spécifique Jeu Laser, PWM liée exclusivement
                        au TIM3, chan3
   13 00000000         ; * @param  Thaut_ticks : durée de l'état haut d'une imp
                       ulsion en Ticks
   14 00000000         ;  * @retval None
   15 00000000         ; */
   16 00000000         
   17 00000000         ;void PWM_Set_Value_TIM3_Ch3( unsigned short int Thaut_t
                       icks);
   18 00000000                 import           PWM_Set_Value_TIM3_Ch3
   19 00000000         
   20 00000000         
   21 00000000         
   22 00000000         ;/**
   23 00000000         ; * @brief  Mise à 1 d'une broche GPIO 
   24 00000000         ;  * @note   Une fonction par GPIO
   25 00000000         ; * @param  Broche : 0 à 15
   26 00000000         ; * @retval None
   27 00000000         ; */
   28 00000000         
   29 00000000         ;void GPIOA_Set(char Broche);
   30 00000000                 import           GPIOA_Set
   31 00000000         
   32 00000000         ;void GPIOB_Set(char Broche);
   33 00000000                 import           GPIOB_Set
   34 00000000         
   35 00000000         ;void GPIOC_Set(char Broche);
   36 00000000                 import           GPIOC_Set
   37 00000000         
   38 00000000         
   39 00000000         
   40 00000000         ;/**
   41 00000000         ; * @brief  Mise à 0 d'une broche GPIO 
   42 00000000         ;  * @note   Une fonction par GPIO
   43 00000000         ; * @param  Broche : 0 à 15
   44 00000000         ; * @retval None
   45 00000000         ;  */
   46 00000000         
   47 00000000         ;void GPIOA_Clear(char Broche);



ARM Macro Assembler    Page 2 


   48 00000000                 import           GPIOA_Clear
   49 00000000         
   50 00000000         ;void GPIOB_Clear(char Broche);
   51 00000000                 import           GPIOB_Clear
   52 00000000         
   53 00000000         ;void GPIOC_Clear(char Broche);
   54 00000000                 import           GPIOC_Clear
   55 00000000         
   56 00000000                 end
    6 00000000         
    7 00000000         ; ====================== zone de réservation de données,
                         ======================================
    8 00000000         ;Section RAM (read only) :
    9 00000000                 area             mesdata,data,readonly
   10 00000000         
   11 00000000         
   12 00000000         ;Section RAM (read write):
   13 00000000                 area             maram,data,readwrite
   14 00000000 00 00   SortieSon
                               dcw              0
   15 00000002 00 00 00000000 
                       Index   dcd              0
   16 00000008                 export           SortieSon
   17 00000008                 import           LongueurSon
   18 00000008                 import           Son
   19 00000008         
   20 00000008         ; ======================================================
                       =========================================
   21 00000008         
   22 00000008         
   23 00000008         
   24 00000008         
   25 00000008         ;Section ROM code (read only) :  
   26 00000008                 area             moncode,code,readonly
   27 00000000         ; écrire le code ici  
   28 00000000         
   29 00000000         callbackSon
                               proc
   30 00000000 E92D 4FF0       push             {r4-r11,lr}
   31 00000004         
   32 00000004 4B16            ldr              r3,=Index   ;indice
   33 00000006 F8D3 C000       ldr              r12,[r3]
   34 0000000A F8DF B058       ldr              r11,=LongueurSon
   35 0000000E F8DB A000       ldr              r10,[r11]
   36 00000012 45D4            cmp              r12,r10
   37 00000014 D011            beq              setzero
   38 00000016 4A14            ldr              r2,=Son     ;r2=ad Son
   39 00000018         ;ldrsh r1,[r2] ;r1 = Son pour entier signé 16 bits
   40 00000018         ;add r1,r1,r1; r1=N+P ==> positif
   41 00000018         ;sub r1,r1,#1 ; r1=r1-1
   42 00000018         ;udiv r1,r1,#92 ;r1 = r1/92
   43 00000018 F932 201C       ldrsh            r2,[r2,r12,lsl#1] ;r2=ad r1+2/ 
                                                            Son + (index << 1) 
                                                            ldr r2,[r2,r1,lsl#1
                                                            ]
   44 0000001C         ;ldr r6,[r6,#32768]
   45 0000001C F44F 4100       ldr              r1,=32768
   46 00000020 440A            add              r2,r2,r1
   47 00000022 F04F 075B       ldr              r7,=91



ARM Macro Assembler    Page 3 


   48 00000026 FBB2 F2F7       udiv             r2,r7
   49 0000002A         
   50 0000002A 4C10            ldr              r4,=SortieSon ;r4=SortieSon
   51 0000002C 8022            strh             r2,[r4]     ; SortieSon = r2
   52 0000002E         
   53 0000002E 4610            mov              r0,r2
   54 00000030 F10C 0C01       add              r12,r12,#1  ;on incrémente inde
                                                            x
   55 00000034 F8C3 C000       str              r12,[r3]
   56 00000038 E003            b                fin
   57 0000003A         setzero
   58 0000003A F04F 0000       mov              r0,#0
   59 0000003E F7FF FFFE       bl               StartSon
   60 00000042         fin
   61 00000042         ;mov r0,r1
   62 00000042 F7FF FFFE       bl               PWM_Set_Value_TIM3_Ch3
   63 00000046 E8BD 4FF0       pop              {r4-r11,lr}
   64 0000004A 4770            bx               lr
   65 0000004C                 endp
   66 0000004C         
   67 0000004C         
   68 0000004C         StartSon
                               proc
   69 0000004C E92D 4FF0       push             {r4-r11,lr}
   70 00000050 F04F 0C00       ldr              r12,=0
   71 00000054 4B02            ldr              r3,=Index
   72 00000056 F8C3 C000       str              r12,[r3]
   73 0000005A E8BD 4FF0       pop              {r4-r11,lr}
   74 0000005E 4770            bx               lr
   75 00000060                 endp
   76 00000060         
   77 00000060         
   78 00000060                 END
              00000000 
              00000000 
              00000000 
              00000000 
Command Line: --debug --xref --diag_suppress=9931 --cpu=Cortex-M3 --apcs=interw
ork --depend=.\obj\gestionson.d -o.\obj\gestionson.o -I.\RTE\_CibleSondeKEIL -I
C:\Programdata\Keil\Arm\Packs\ARM\CMSIS\5.7.0\CMSIS\Core\Include -IC:\Programda
ta\Keil\Arm\Packs\Keil\STM32F1xx_DFP\2.3.0\Device\Include --predefine="__EVAL S
ETA 1" --predefine="__MICROLIB SETA 1" --predefine="__UVISION_VERSION SETA 530"
 --predefine="_RTE_ SETA 1" --predefine="STM32F10X_MD SETA 1" --predefine="_RTE
_ SETA 1" --list=gestionson.lst Src\GestionSon.s



ARM Macro Assembler    Page 1 Alphabetic symbol ordering
Relocatable symbols

mesdata 00000000

Symbol: mesdata
   Definitions
      At line 9 in file Src\GestionSon.s
   Uses
      None
Comment: mesdata unused
1 symbol



ARM Macro Assembler    Page 1 Alphabetic symbol ordering
Relocatable symbols

Index 00000004

Symbol: Index
   Definitions
      At line 15 in file Src\GestionSon.s
   Uses
      At line 32 in file Src\GestionSon.s
      At line 71 in file Src\GestionSon.s

SortieSon 00000000

Symbol: SortieSon
   Definitions
      At line 14 in file Src\GestionSon.s
   Uses
      At line 16 in file Src\GestionSon.s
      At line 50 in file Src\GestionSon.s

maram 00000000

Symbol: maram
   Definitions
      At line 13 in file Src\GestionSon.s
   Uses
      None
Comment: maram unused
3 symbols



ARM Macro Assembler    Page 1 Alphabetic symbol ordering
Relocatable symbols

StartSon 0000004C

Symbol: StartSon
   Definitions
      At line 68 in file Src\GestionSon.s
   Uses
      At line 59 in file Src\GestionSon.s
Comment: StartSon used once
callbackSon 00000000

Symbol: callbackSon
   Definitions
      At line 29 in file Src\GestionSon.s
   Uses
      At line 4 in file Src\GestionSon.s
Comment: callbackSon used once
fin 00000042

Symbol: fin
   Definitions
      At line 60 in file Src\GestionSon.s
   Uses
      At line 56 in file Src\GestionSon.s
Comment: fin used once
moncode 00000000

Symbol: moncode
   Definitions
      At line 26 in file Src\GestionSon.s
   Uses
      None
Comment: moncode unused
setzero 0000003A

Symbol: setzero
   Definitions
      At line 57 in file Src\GestionSon.s
   Uses
      At line 37 in file Src\GestionSon.s
Comment: setzero used once
5 symbols



ARM Macro Assembler    Page 1 Alphabetic symbol ordering
External symbols

GPIOA_Clear 00000000

Symbol: GPIOA_Clear
   Definitions
      At line 48 in file Driver\DriverJeuLaser.inc
   Uses
      None
Comment: GPIOA_Clear unused
GPIOA_Set 00000000

Symbol: GPIOA_Set
   Definitions
      At line 30 in file Driver\DriverJeuLaser.inc
   Uses
      None
Comment: GPIOA_Set unused
GPIOB_Clear 00000000

Symbol: GPIOB_Clear
   Definitions
      At line 51 in file Driver\DriverJeuLaser.inc
   Uses
      None
Comment: GPIOB_Clear unused
GPIOB_Set 00000000

Symbol: GPIOB_Set
   Definitions
      At line 33 in file Driver\DriverJeuLaser.inc
   Uses
      None
Comment: GPIOB_Set unused
GPIOC_Clear 00000000

Symbol: GPIOC_Clear
   Definitions
      At line 54 in file Driver\DriverJeuLaser.inc
   Uses
      None
Comment: GPIOC_Clear unused
GPIOC_Set 00000000

Symbol: GPIOC_Set
   Definitions
      At line 36 in file Driver\DriverJeuLaser.inc
   Uses
      None
Comment: GPIOC_Set unused
LongueurSon 00000000

Symbol: LongueurSon
   Definitions
      At line 17 in file Src\GestionSon.s
   Uses
      At line 34 in file Src\GestionSon.s
Comment: LongueurSon used once
PWM_Set_Value_TIM3_Ch3 00000000

Symbol: PWM_Set_Value_TIM3_Ch3



ARM Macro Assembler    Page 2 Alphabetic symbol ordering
External symbols

   Definitions
      At line 18 in file Driver\DriverJeuLaser.inc
   Uses
      At line 62 in file Src\GestionSon.s
Comment: PWM_Set_Value_TIM3_Ch3 used once
Son 00000000

Symbol: Son
   Definitions
      At line 18 in file Src\GestionSon.s
   Uses
      At line 38 in file Src\GestionSon.s
Comment: Son used once
9 symbols
355 symbols in table
